// Jest Snapshot v1, https://goo.gl/fbAQLP

exports[`FilterSection Component Matches Snapshot 1`] = `
<DocumentFragment>
  <div
    class="filterSection light"
  >
    <h1>
      FILTER
    </h1>
    <div
      class="checkBoxWrapper light"
    >
      <input
        checked=""
        id="Technology"
        type="checkbox"
      />
      <span
        class="checkBox"
      >
        <img
          src="test-file-stub"
        />
      </span>
      <label
        for="Technology"
      >
        Technology
      </label>
    </div>
    <div
      class="checkBoxWrapper light"
    >
      <input
        id="Lifestyle"
        type="checkbox"
      />
      <span
        class="checkBox"
      >
        <img
          src="test-file-stub"
        />
      </span>
      <label
        for="Lifestyle"
      >
        Lifestyle
      </label>
    </div>
    <div
      class="checkBoxWrapper light"
    >
      <input
        checked=""
        id="Health"
        type="checkbox"
      />
      <span
        class="checkBox"
      >
        <img
          src="test-file-stub"
        />
      </span>
      <label
        for="Health"
      >
        Health
      </label>
    </div>
  </div>
</DocumentFragment>
`;
