// Jest Snapshot v1, https://goo.gl/fbAQLP

exports[`MemebersSection Component matches snapshot 1`] = `[Function]`;
